10:15:46 **** Build of configuration Debug for project 05.PushBtn ****
make -j8 all 
arm-none-eabi-gcc "../Core/Src/main.c" -mcpu=cortex-m4 -std=gnu11 -g3 -DDEBUG -DUSE_HAL_DRIVER -DSTM32F407xx -c -I../Core/Inc -I../Drivers/STM32F4xx_HAL_Driver/Inc -I../Drivers/STM32F4xx_HAL_Driver/Inc/Legacy -I../Drivers/CMSIS/Device/ST/STM32F4xx/Include -I../Drivers/CMSIS/Include -O0 -ffunction-sections -fdata-sections -Wall -fstack-usage -fcyclomatic-complexity -MMD -MP -MF"Core/Src/main.d" -MT"Core/Src/main.o" --specs=nano.specs -mfpu=fpv4-sp-d16 -mfloat-abi=hard -mthumb -o "Core/Src/main.o"
arm-none-eabi-gcc -o "05.PushBtn.elf" @"objects.list"   -mcpu=cortex-m4 -T"D:\Embedded Driver Development\TAPIT\05.PushBtn\STM32F407VGTX_FLASH.ld" --specs=nosys.specs -Wl,-Map="05.PushBtn.map" -Wl,--gc-sections -static --specs=nano.specs -mfpu=fpv4-sp-d16 -mfloat-abi=hard -mthumb -Wl,--start-group -lc -lm -Wl,--end-group
Finished building target: 05.PushBtn.elf
 
arm-none-eabi-size   05.PushBtn.elf 
arm-none-eabi-objdump -h -S  05.PushBtn.elf  > "05.PushBtn.list"
   text	   data	    bss	    dec	    hex	filename
   5996	     20	   1572	   7588	   1da4	05.PushBtn.elf
Finished building: default.size.stdout
 
Finished building: 05.PushBtn.list
 

10:15:47 Build Finished. 0 errors, 0 warnings. (took 989ms)

