10:37:58 **** Build of configuration Debug for project 06.LedStatus ****
make -j8 all 
arm-none-eabi-gcc "../Core/Src/main.c" -mcpu=cortex-m4 -std=gnu11 -g3 -DDEBUG -DUSE_HAL_DRIVER -DSTM32F407xx -c -I../Core/Inc -I../Drivers/STM32F4xx_HAL_Driver/Inc -I../Drivers/STM32F4xx_HAL_Driver/Inc/Legacy -I../Drivers/CMSIS/Device/ST/STM32F4xx/Include -I../Drivers/CMSIS/Include -O0 -ffunction-sections -fdata-sections -Wall -fstack-usage -fcyclomatic-complexity -MMD -MP -MF"Core/Src/main.d" -MT"Core/Src/main.o" --specs=nano.specs -mfpu=fpv4-sp-d16 -mfloat-abi=hard -mthumb -o "Core/Src/main.o"
arm-none-eabi-gcc -o "06.LedStatus.elf" @"objects.list"   -mcpu=cortex-m4 -T"D:\Embedded Driver Development\TAPIT\06.LedStatus\STM32F407VGTX_FLASH.ld" --specs=nosys.specs -Wl,-Map="06.LedStatus.map" -Wl,--gc-sections -static --specs=nano.specs -mfpu=fpv4-sp-d16 -mfloat-abi=hard -mthumb -Wl,--start-group -lc -lm -Wl,--end-group
Finished building target: 06.LedStatus.elf
 
arm-none-eabi-size   06.LedStatus.elf 
arm-none-eabi-objdump -h -S  06.LedStatus.elf  > "06.LedStatus.list"
   text	   data	    bss	    dec	    hex	filename
   6136	     24	   1568	   7728	   1e30	06.LedStatus.elf
Finished building: default.size.stdout
 
Finished building: 06.LedStatus.list
 

10:38:01 Build Finished. 0 errors, 0 warnings. (took 2s.869ms)

