11:05:16 **** Build of configuration Debug for project 10.timer_led ****
make -j8 all 
arm-none-eabi-gcc "../Core/Src/main.c" -mcpu=cortex-m4 -std=gnu11 -g3 -DDEBUG -DUSE_HAL_DRIVER -DSTM32F407xx -c -I../Core/Inc -I../Drivers/STM32F4xx_HAL_Driver/Inc -I../Drivers/STM32F4xx_HAL_Driver/Inc/Legacy -I../Drivers/CMSIS/Device/ST/STM32F4xx/Include -I../Drivers/CMSIS/Include -O0 -ffunction-sections -fdata-sections -Wall -fstack-usage -fcyclomatic-complexity -MMD -MP -MF"Core/Src/main.d" -MT"Core/Src/main.o" --specs=nano.specs -mfpu=fpv4-sp-d16 -mfloat-abi=hard -mthumb -o "Core/Src/main.o"
arm-none-eabi-gcc -o "10.timer_led.elf" @"objects.list"   -mcpu=cortex-m4 -T"D:\Embedded Driver Development\TAPIT\10.timer_led\STM32F407VGTX_FLASH.ld" --specs=nosys.specs -Wl,-Map="10.timer_led.map" -Wl,--gc-sections -static --specs=nano.specs -mfpu=fpv4-sp-d16 -mfloat-abi=hard -mthumb -Wl,--start-group -lc -lm -Wl,--end-group
Finished building target: 10.timer_led.elf
 
arm-none-eabi-size   10.timer_led.elf 
arm-none-eabi-objdump -h -S  10.timer_led.elf  > "10.timer_led.list"
   text	   data	    bss	    dec	    hex	filename
   8424	     20	   1644	  10088	   2768	10.timer_led.elf
Finished building: default.size.stdout
 
Finished building: 10.timer_led.list
 

11:05:17 Build Finished. 0 errors, 0 warnings. (took 982ms)

