08:53:14 **** Incremental Build of configuration Debug for project 13. ADC_Polling ****
make -j8 all 
arm-none-eabi-gcc "../Core/Src/main.c" -mcpu=cortex-m4 -std=gnu11 -g3 -DDEBUG -DUSE_HAL_DRIVER -DSTM32F407xx -c -I../Core/Inc -I../Drivers/STM32F4xx_HAL_Driver/Inc -I../Drivers/STM32F4xx_HAL_Driver/Inc/Legacy -I../Drivers/CMSIS/Device/ST/STM32F4xx/Include -I../Drivers/CMSIS/Include -O0 -ffunction-sections -fdata-sections -Wall -fstack-usage -fcyclomatic-complexity -MMD -MP -MF"Core/Src/main.d" -MT"Core/Src/main.o" --specs=nano.specs -mfpu=fpv4-sp-d16 -mfloat-abi=hard -mthumb -o "Core/Src/main.o"
arm-none-eabi-gcc -o "13. ADC_Polling.elf" @"objects.list"   -mcpu=cortex-m4 -T"D:\Embedded Driver Development\TAPIT\13. ADC_Polling\STM32F407VGTX_FLASH.ld" --specs=nosys.specs -Wl,-Map="13. ADC_Polling.map" -Wl,--gc-sections -static --specs=nano.specs -mfpu=fpv4-sp-d16 -mfloat-abi=hard -mthumb -Wl,--start-group -lc -lm -Wl,--end-group
Finished building target: 13. ADC_Polling.elf
 
arm-none-eabi-size   13.\ ADC_Polling.elf 
arm-none-eabi-objdump -h -S  13.\ ADC_Polling.elf  > "13. ADC_Polling.list"
   text	   data	    bss	    dec	    hex	filename
  10408	     20	   1764	  12192	   2fa0	13. ADC_Polling.elf
Finished building: default.size.stdout
 
Finished building: 13. ADC_Polling.list
 

08:53:15 Build Finished. 0 errors, 0 warnings. (took 904ms)

